Return	`standalone
Return	true
Return	`standalone
