Dump	false
Dump	$["lp3":true, "lp4":false, "system_lp1":true, "system_lp2":false]
Return	nil
Dump	true
Dump	$["lp3":true, "lp4":false, "system_lp1":true, "system_lp2":true]
