Read	.target.size "/etc/install.inf" nil
Read	.etc.install_inf.Sourcemounted nil
Read	.etc.install_inf.AutoYaST nil
Read	.etc.install_inf.Repair nil
Read	.etc.install_inf.Demo nil
Read	.etc.install_inf.Textmode nil
Read	.etc.install_inf.Manual nil
Read	.target.string "/proc/cmdline" nil
Read	.etc.install_inf.Console nil
Read	.etc.install_inf.Braille nil
Read	.etc.install_inf.VNC nil
Read	.etc.install_inf.UseSSH nil
Read	.etc.install_inf.InstMode nil
Read	.target.tmpdir "/tmp"
Read	.target.tmpdir "/tmp"
Execute	.target.bash "/usr/lib/YaST2/bin/version" 0
Read	.sysconfig.language.RC_LANG nil
Log	Failed reading <.sysconfig.language.RC_LANG>
Read	.sysconfig.language.DEFAULT_LANGUAGE nil
Log	Failed reading <.sysconfig.language.DEFAULT_LANGUAGE>
Read	.target.yast2 "lang2iso.ycp" nil
Read	.target.size "/etc/sysconfig/language" nil
Read	.sysconfig.console.CONSOLE_FONT nil
Read	.sysconfig.console.CONSOLE_SCREENMAP nil
Read	.sysconfig.console.CONSOLE_UNICODEMAP nil
Read	.sysconfig.console.CONSOLE_MAGIC nil
Read	.sysconfig.console.CONSOLE_ENCODING nil
Read	.sysconfig.language.RC_LANG nil
Read	.probe.architecture nil
Read	.probe.has_apm nil
Read	.probe.has_pcmcia nil
Read	.probe.has_smp nil
Read	.probe.system nil
Dump	$[]
Dump	false
Dump	false
Return	nil
Dump	$["netlogon":$["comment":"Network Logon Service", "commentout":false, "path":"/var/lib/samba/netlogon", "write list":"root"]]
Dump	true
Dump	true
Return	nil
Dump	$["netlogon":$["comment":"Network Logon Service", "commentout":false, "path":"/var/lib/samba/netlogon", "write list":"root"]]
Dump	false
Dump	true
