Dump	yes
Dump	yes
Dump	yes
Dump	yes
Dump	yes
Dump	no
Dump	no
Dump	no
Dump	auto
Dump	true
