Dump	`standalone
Dump	user
Dump	Domain logons: nil
Dump	Domain master: nil
Dump	Local master: nil
Dump	Preferred master: nil
Return	true
Dump	false
Dump	`pdc
Dump	user
Dump	Domain logons: true
Dump	Domain master: yes
Dump	Local master: true
Dump	Preferred master: yes
