Dump	`standalone
Dump	user
Dump	Domain logons: nil
Dump	Domain master: nil
Dump	Local master: nil
Dump	Preferred master: nil
Return	true
Dump	false
Dump	`standalone
Dump	user
Dump	Domain logons: false
Dump	Domain master: false
Dump	Local master: nil
Dump	Preferred master: nil
