Return	testing
Return	true
Return	testing
Return	false
Return	nexttesting
Return	true
