Dump	testing
Dump	true
Dump	testing
Dump	false
Dump	nexttesting
Dump	true
