Dump	`pdc
Dump	true
Dump	`standalone
Dump	true
Dump	`bdc
Dump	true
Dump	`pdc
Dump	true
