Dump	["smbpasswd"]
Dump	true
Write	.etc.smb.value.global."passdb backend" "smbpasswd" true
Dump	["smbpasswd"]
Dump	true
Dump	["ldapsam:ldaps://ldap.example.com"]
Dump	true
