Read	.etc.smb.value.global."passdb backend" nil
Dir	.etc.smb.value.global: ["domain logons", "domain master", "local master", "preferred master", "security", "workgroup"]
Read	.etc.smb.value.global."domain logons" "no"
Read	.etc.smb.value.global."domain master" "no"
Read	.etc.smb.value.global."local master" "no"
Read	.etc.smb.value.global."preferred master" "yes"
Read	.etc.smb.value.global."security" "user"
Read	.etc.smb.value.global."workgroup" "Test"
Read	.target.stat "/etc/samba/secrets.tdb" nil
Log	Cannot get the list of trusted domains
Dir	.etc.smb.section: ["lp"]
Dir	.etc.smb.value."lp": ["comment", "path", "printable"]
Read	.etc.smb.value."lp"."comment" "testing printer"
Read	.etc.smb.value."lp"."path" "/var/spool/lp"
Read	.etc.smb.value."lp"."printable" "yes"
Read	.etc.smb.section_type."lp" 0
Read	.etc.smb.value.global."ldap admin dn" nil
Read	.etc.smb.value.global."ldap suffix" nil
Write	.etc.smb.value.global."domain logons" "no" true
Write	.etc.smb.value.global."domain master" "no" true
Write	.etc.smb.value.global."ldap idmap suffix" "ou=Idmap" true
Write	.etc.smb.value.global."ldap machine suffix" "ou=Computers" true
Write	.etc.smb.value.global."local master" "no" true
Write	.etc.smb.value.global."preferred master" "yes" true
Write	.etc.smb.value.global."security" "user" true
Write	.etc.smb.value.global."workgroup" "Test" true
Write	.etc.smb.value.global."encrypt passwords" "yes" true
Write	.etc.smb.section."lp" nil true
Write	.etc.smb.value.global."ldap admin dn" nil true
Write	.etc.smb.value.global."ldap suffix" nil true
Write	.etc.smb nil true
Execute	.target.bash "touch /var/lib/YaST2/samba_server_done_once" 1
Write	.etc.smb.value.global."ldap admin dn" nil true
Write	.etc.smb.value.global."ldap suffix" nil true
Write	.etc.smb nil true
Execute	.target.bash "net getlocalsid" 1
Dump	true
