Read	.etc.smb.all $["comment":"", "file":-1, "kind":"section", "name":"", "type":-1, "value":[$["comment":nil, "kind":"section", "name":"global", "type":nil, "value":[$["kind":"value", "name":"workgroup", "type":nil, "value":"Test"], $["kind":"value", "name":"domain master", "type":nil, "value":"no"], $["kind":"value", "name":"security", "type":nil, "value":"user"], $["kind":"value", "name":"preferred master", "type":nil, "value":"yes"], $["kind":"value", "name":"local master", "type":nil, "value":"no"], $["kind":"value", "name":"domain logons", "type":nil, "value":"no"]]], $["comment":nil, "kind":"section", "name":"tmp", "type":nil, "value":[$["kind":"value", "name":"guest ok", "type":nil, "value":"yes"], $["kind":"value", "name":"path", "type":nil, "value":"/tmp"]]], $["comment":nil, "kind":"section", "name":"home", "type":nil, "value":[$["kind":"value", "name":"comment", "type":nil, "value":"All homes"], $["kind":"value", "name":"path", "type":nil, "value":"/home"]]], $["comment":nil, "kind":"section", "name":"lp", "type":nil, "value":[$["kind":"value", "name":"comment", "type":nil, "value":"testing printer"], $["kind":"value", "name":"printable", "type":nil, "value":"yes"], $["kind":"value", "name":"path", "type":nil, "value":"/var/spool/lp"]]]]]
Return	["home", "tmp"]
