Read	.etc.smb.value.global."workgroup" "Test"
Read	.etc.smb.value.global."security" "user"
Read	.etc.smb.value.global."password server" nil
Read	.etc.smb.value.global."idmap uid" nil
Read	.etc.smb.value.global."winbind uid" nil
Read	.etc.smb.value.global."idmap gid" nil
Read	.etc.smb.value.global."winbind gid" nil
Read	.init.scripts.exists "winbind" nil
Log	Service winbind does not exist.
Read	.init.scripts.exists "nmb" nil
Log	Service nmb does not exist.
Execute	.background.run_output "/usr/bin/nmbstatus" true
Read	.etc.smb.value.global."passdb backend" nil
Dir	.etc.smb.value.global: ["domain logons", "domain master", "local master", "preferred master", "security", "workgroup"]
Read	.etc.smb.value.global."domain logons" "no"
Read	.etc.smb.value_type.global."domain logons" 0
Read	.etc.smb.value.global."domain master" "no"
Read	.etc.smb.value_type.global."domain master" 0
Read	.etc.smb.value.global."local master" "no"
Read	.etc.smb.value_type.global."local master" 0
Read	.etc.smb.value.global."preferred master" "yes"
Read	.etc.smb.value_type.global."preferred master" 0
Read	.etc.smb.value.global."security" "user"
Read	.etc.smb.value_type.global."security" 0
Read	.etc.smb.value.global."workgroup" "Test"
Read	.etc.smb.value_type.global."workgroup" 0
Read	.init.scripts.exists "smb" nil
Log	Service smb does not exist.
Read	.target.stat "/etc/samba/secrets.tdb" nil
Log	Cannot get the list of trusted domains
Dir	.etc.smb.section: ["lp", "lp2"]
Read	.etc.smb.section_type."lp" 0
Dir	.etc.smb.value."lp": ["comment", "path", "printable"]
Read	.etc.smb.value_type."lp"."comment" 0
Read	.etc.smb.value."lp"."comment" "testing printer"
Read	.etc.smb.value_type."lp"."path" 0
Read	.etc.smb.value."lp"."path" "/var/spool/lp"
Read	.etc.smb.value_type."lp"."printable" 0
Read	.etc.smb.value."lp"."printable" "yes"
Read	.etc.smb.section_type."lp2" 1
Dir	.etc.smb.value."lp2": ["comment", "path", "printable"]
Read	.etc.smb.value_type."lp2"."comment" 0
Read	.etc.smb.value."lp2"."comment" "testing printer"
Read	.etc.smb.value_type."lp2"."path" 0
Read	.etc.smb.value."lp2"."path" "/var/spool/lp"
Read	.etc.smb.value_type."lp2"."printable" 0
Read	.etc.smb.value."lp2"."printable" "yes"
Read	.etc.smb.value.global."ldap admin dn" nil
Read	.etc.smb.value.global."ldap suffix" nil
Read	.etc.ldap_conf.v."/etc/ldap.conf"."host" nil
Read	.etc.ldap_conf.v."/etc/ldap.conf"."base" nil
Read	.etc.ldap_conf.v."/etc/ldap.conf"."ldap_version" nil
Read	.etc.ldap_conf.v."/etc/ldap.conf"."ssl" nil
Read	.etc.ldap_conf.v."/etc/ldap.conf"."nss_base_passwd" nil
Read	.etc.ldap_conf.v."/etc/ldap.conf"."nss_base_shadow" nil
Read	.etc.ldap_conf.v."/etc/ldap.conf"."nss_base_group" nil
Read	.etc.ldap_conf.v."/etc/ldap.conf"."pam_password" nil
Read	.sysconfig.ldap.BASE_CONFIG_DN nil
Read	.sysconfig.ldap.FILE_SERVER nil
Read	.sysconfig.ldap.BIND_DN nil
Read	.etc.ldap_conf.v."/etc/ldap.conf"."binddn" nil
Read	.etc.ldap_conf.v."/etc/ldap.conf"."nss_map_attribute" nil
Read	.init.scripts.exists "autofs" nil
Log	Service autofs does not exist.
Execute	.passwd.init $["base_directory":"/etc"] true
Read	.passwd.passwd.pluslines []
Read	.init.scripts.exists "SuSEfirewall2_init" nil
Log	Service SuSEfirewall2_init does not exist.
Read	.etc.smb.value.global."workgroup" "Test"
Read	.etc.smb.value.global."security" "user"
Read	.etc.smb.value.global."password server" nil
Read	.etc.smb.value.global."idmap uid" nil
Read	.etc.smb.value.global."winbind uid" nil
Read	.etc.smb.value.global."idmap gid" nil
Read	.etc.smb.value.global."winbind gid" nil
Read	.init.scripts.exists "winbind" nil
Log	Service winbind does not exist.
Read	.init.scripts.exists "nmb" nil
Log	Service nmb does not exist.
Execute	.background.run_output "/usr/bin/nmbstatus" true
Read	.etc.smb.value.global."passdb backend" nil
Dir	.etc.smb.value.global: ["domain logons", "domain master", "local master", "preferred master", "security", "workgroup"]
Read	.etc.smb.value.global."domain logons" "no"
Read	.etc.smb.value_type.global."domain logons" 0
Read	.etc.smb.value.global."domain master" "no"
Read	.etc.smb.value_type.global."domain master" 0
Read	.etc.smb.value.global."local master" "no"
Read	.etc.smb.value_type.global."local master" 0
Read	.etc.smb.value.global."preferred master" "yes"
Read	.etc.smb.value_type.global."preferred master" 0
Read	.etc.smb.value.global."security" "user"
Read	.etc.smb.value_type.global."security" 0
Read	.etc.smb.value.global."workgroup" "Test"
Read	.etc.smb.value_type.global."workgroup" 0
Read	.init.scripts.exists "smb" nil
Log	Service smb does not exist.
Read	.target.stat "/etc/samba/secrets.tdb" nil
Log	Cannot get the list of trusted domains
Dir	.etc.smb.section: ["lp", "lp2"]
Read	.etc.smb.section_type."lp" 0
Dir	.etc.smb.value."lp": ["comment", "path", "printable"]
Read	.etc.smb.value_type."lp"."comment" 0
Read	.etc.smb.value."lp"."comment" "testing printer"
Read	.etc.smb.value_type."lp"."path" 0
Read	.etc.smb.value."lp"."path" "/var/spool/lp"
Read	.etc.smb.value_type."lp"."printable" 0
Read	.etc.smb.value."lp"."printable" "yes"
Read	.etc.smb.section_type."lp2" 1
Dir	.etc.smb.value."lp2": ["comment", "path", "printable"]
Read	.etc.smb.value_type."lp2"."comment" 0
Read	.etc.smb.value."lp2"."comment" "testing printer"
Read	.etc.smb.value_type."lp2"."path" 0
Read	.etc.smb.value."lp2"."path" "/var/spool/lp"
Read	.etc.smb.value_type."lp2"."printable" 0
Read	.etc.smb.value."lp2"."printable" "yes"
Read	.etc.smb.value.global."ldap admin dn" nil
Read	.etc.smb.value.global."ldap suffix" nil
Read	.etc.ldap_conf.v."/etc/ldap.conf"."host" nil
Read	.etc.ldap_conf.v."/etc/ldap.conf"."base" nil
Read	.etc.ldap_conf.v."/etc/ldap.conf"."ldap_version" nil
Read	.etc.ldap_conf.v."/etc/ldap.conf"."ssl" nil
Read	.etc.ldap_conf.v."/etc/ldap.conf"."nss_base_passwd" nil
Read	.etc.ldap_conf.v."/etc/ldap.conf"."nss_base_shadow" nil
Read	.etc.ldap_conf.v."/etc/ldap.conf"."nss_base_group" nil
Read	.etc.ldap_conf.v."/etc/ldap.conf"."pam_password" nil
Read	.sysconfig.ldap.BASE_CONFIG_DN nil
Read	.sysconfig.ldap.FILE_SERVER nil
Read	.sysconfig.ldap.BIND_DN nil
Read	.etc.ldap_conf.v."/etc/ldap.conf"."binddn" nil
Read	.etc.ldap_conf.v."/etc/ldap.conf"."nss_map_attribute" nil
Read	.init.scripts.exists "autofs" nil
Log	Service autofs does not exist.
Execute	.passwd.init $["base_directory":"/etc"] true
Read	.passwd.passwd.pluslines []
Read	.init.scripts.exists "SuSEfirewall2_init" nil
Log	Service SuSEfirewall2_init does not exist.
Dump	true
Read	.etc.smb.value.global."workgroup" "Test"
Read	.etc.smb.value.global."security" "user"
Read	.etc.smb.value.global."password server" nil
Read	.etc.smb.value.global."idmap uid" nil
Read	.etc.smb.value.global."winbind uid" nil
Read	.etc.smb.value.global."idmap gid" nil
Read	.etc.smb.value.global."winbind gid" nil
Read	.init.scripts.exists "winbind" nil
Log	Service winbind does not exist.
Read	.init.scripts.exists "nmb" nil
Log	Service nmb does not exist.
Execute	.background.run_output "/usr/bin/nmbstatus" true
Read	.etc.smb.value.global."passdb backend" nil
Dir	.etc.smb.value.global: ["domain logons", "domain master", "local master", "preferred master", "security", "workgroup"]
Read	.etc.smb.value.global."domain logons" "no"
Read	.etc.smb.value_type.global."domain logons" 0
Read	.etc.smb.value.global."domain master" "no"
Read	.etc.smb.value_type.global."domain master" 0
Read	.etc.smb.value.global."local master" "no"
Read	.etc.smb.value_type.global."local master" 0
Read	.etc.smb.value.global."preferred master" "yes"
Read	.etc.smb.value_type.global."preferred master" 0
Read	.etc.smb.value.global."security" "user"
Read	.etc.smb.value_type.global."security" 0
Read	.etc.smb.value.global."workgroup" "Test"
Read	.etc.smb.value_type.global."workgroup" 0
Read	.init.scripts.exists "smb" nil
Log	Service smb does not exist.
Read	.target.stat "/etc/samba/secrets.tdb" nil
Log	Cannot get the list of trusted domains
Dir	.etc.smb.section: ["lp", "lp2"]
Read	.etc.smb.section_type."lp" 0
Dir	.etc.smb.value."lp": ["comment", "path", "printable"]
Read	.etc.smb.value_type."lp"."comment" 0
Read	.etc.smb.value."lp"."comment" "testing printer"
Read	.etc.smb.value_type."lp"."path" 0
Read	.etc.smb.value."lp"."path" "/var/spool/lp"
Read	.etc.smb.value_type."lp"."printable" 0
Read	.etc.smb.value."lp"."printable" "yes"
Read	.etc.smb.section_type."lp2" 1
Dir	.etc.smb.value."lp2": ["comment", "path", "printable"]
Read	.etc.smb.value_type."lp2"."comment" 0
Read	.etc.smb.value."lp2"."comment" "testing printer"
Read	.etc.smb.value_type."lp2"."path" 0
Read	.etc.smb.value."lp2"."path" "/var/spool/lp"
Read	.etc.smb.value_type."lp2"."printable" 0
Read	.etc.smb.value."lp2"."printable" "yes"
Read	.etc.smb.value.global."ldap admin dn" nil
Read	.etc.smb.value.global."ldap suffix" nil
Read	.etc.ldap_conf.v."/etc/ldap.conf"."host" nil
Read	.etc.ldap_conf.v."/etc/ldap.conf"."base" nil
Read	.etc.ldap_conf.v."/etc/ldap.conf"."ldap_version" nil
Read	.etc.ldap_conf.v."/etc/ldap.conf"."ssl" nil
Read	.etc.ldap_conf.v."/etc/ldap.conf"."nss_base_passwd" nil
Read	.etc.ldap_conf.v."/etc/ldap.conf"."nss_base_shadow" nil
Read	.etc.ldap_conf.v."/etc/ldap.conf"."nss_base_group" nil
Read	.etc.ldap_conf.v."/etc/ldap.conf"."pam_password" nil
Read	.sysconfig.ldap.BASE_CONFIG_DN nil
Read	.sysconfig.ldap.FILE_SERVER nil
Read	.sysconfig.ldap.BIND_DN nil
Read	.etc.ldap_conf.v."/etc/ldap.conf"."binddn" nil
Read	.etc.ldap_conf.v."/etc/ldap.conf"."nss_map_attribute" nil
Read	.init.scripts.exists "autofs" nil
Log	Service autofs does not exist.
Execute	.passwd.init $["base_directory":"/etc"] true
Read	.passwd.passwd.pluslines []
Read	.init.scripts.exists "SuSEfirewall2_init" nil
Log	Service SuSEfirewall2_init does not exist.
Read	.etc.smb.value.global."workgroup" "Test"
Read	.etc.smb.value.global."security" "user"
Read	.etc.smb.value.global."password server" nil
Read	.etc.smb.value.global."idmap uid" nil
Read	.etc.smb.value.global."winbind uid" nil
Read	.etc.smb.value.global."idmap gid" nil
Read	.etc.smb.value.global."winbind gid" nil
Read	.init.scripts.exists "winbind" nil
Log	Service winbind does not exist.
Read	.init.scripts.exists "nmb" nil
Log	Service nmb does not exist.
Execute	.background.run_output "/usr/bin/nmbstatus" true
Read	.etc.smb.value.global."passdb backend" nil
Dir	.etc.smb.value.global: ["domain logons", "domain master", "local master", "preferred master", "security", "workgroup"]
Read	.etc.smb.value.global."domain logons" "no"
Read	.etc.smb.value_type.global."domain logons" 0
Read	.etc.smb.value.global."domain master" "no"
Read	.etc.smb.value_type.global."domain master" 0
Read	.etc.smb.value.global."local master" "no"
Read	.etc.smb.value_type.global."local master" 0
Read	.etc.smb.value.global."preferred master" "yes"
Read	.etc.smb.value_type.global."preferred master" 0
Read	.etc.smb.value.global."security" "user"
Read	.etc.smb.value_type.global."security" 0
Read	.etc.smb.value.global."workgroup" "Test"
Read	.etc.smb.value_type.global."workgroup" 0
Read	.init.scripts.exists "smb" nil
Log	Service smb does not exist.
Read	.target.stat "/etc/samba/secrets.tdb" nil
Log	Cannot get the list of trusted domains
Dir	.etc.smb.section: ["lp", "lp2"]
Read	.etc.smb.section_type."lp" 0
Dir	.etc.smb.value."lp": ["comment", "path", "printable"]
Read	.etc.smb.value_type."lp"."comment" 0
Read	.etc.smb.value."lp"."comment" "testing printer"
Read	.etc.smb.value_type."lp"."path" 0
Read	.etc.smb.value."lp"."path" "/var/spool/lp"
Read	.etc.smb.value_type."lp"."printable" 0
Read	.etc.smb.value."lp"."printable" "yes"
Read	.etc.smb.section_type."lp2" 1
Dir	.etc.smb.value."lp2": ["comment", "path", "printable"]
Read	.etc.smb.value_type."lp2"."comment" 0
Read	.etc.smb.value."lp2"."comment" "testing printer"
Read	.etc.smb.value_type."lp2"."path" 0
Read	.etc.smb.value."lp2"."path" "/var/spool/lp"
Read	.etc.smb.value_type."lp2"."printable" 0
Read	.etc.smb.value."lp2"."printable" "yes"
Read	.etc.smb.value.global."ldap admin dn" nil
Read	.etc.smb.value.global."ldap suffix" nil
Read	.etc.ldap_conf.v."/etc/ldap.conf"."host" nil
Read	.etc.ldap_conf.v."/etc/ldap.conf"."base" nil
Read	.etc.ldap_conf.v."/etc/ldap.conf"."ldap_version" nil
Read	.etc.ldap_conf.v."/etc/ldap.conf"."ssl" nil
Read	.etc.ldap_conf.v."/etc/ldap.conf"."nss_base_passwd" nil
Read	.etc.ldap_conf.v."/etc/ldap.conf"."nss_base_shadow" nil
Read	.etc.ldap_conf.v."/etc/ldap.conf"."nss_base_group" nil
Read	.etc.ldap_conf.v."/etc/ldap.conf"."pam_password" nil
Read	.sysconfig.ldap.BASE_CONFIG_DN nil
Read	.sysconfig.ldap.FILE_SERVER nil
Read	.sysconfig.ldap.BIND_DN nil
Read	.etc.ldap_conf.v."/etc/ldap.conf"."binddn" nil
Read	.etc.ldap_conf.v."/etc/ldap.conf"."nss_map_attribute" nil
Read	.init.scripts.exists "autofs" nil
Log	Service autofs does not exist.
Execute	.passwd.init $["base_directory":"/etc"] true
Read	.passwd.passwd.pluslines []
Read	.init.scripts.exists "SuSEfirewall2_init" nil
Log	Service SuSEfirewall2_init does not exist.
Dump	false
