Dump	Disabled service
Read	.init.scripts.exists "smbd" true
Read	.init.scripts.runlevel "smbd" nil
Return	0
Dump	Enabled service
Read	.init.scripts.exists "smbd" true
Read	.init.scripts.runlevel "smbd" $["nmbd":$["start":["2", "3", "5"]], "smbd":$["start":["2", "3", "5"]]]
Read	.init.scripts.exists "nmbd" true
Read	.init.scripts.runlevel "nmbd" $["nmbd":$["start":["2", "3", "5"]], "smbd":$["start":["2", "3", "5"]]]
Return	1
