Read	.etc.smb.value.global."workgroup" "Test"
Read	.etc.smb.value.global."security" "user"
Read	.etc.smb.value.global."password server" nil
Read	.etc.smb.value.global."idmap uid" nil
Read	.etc.smb.value.global."winbind uid" nil
Read	.etc.smb.value.global."idmap gid" nil
Read	.etc.smb.value.global."winbind gid" nil
Read	.init.scripts.exists "winbind" nil
Log	Service winbind does not exist.
Read	.init.scripts.exists "nmb" nil
Log	Service nmb does not exist.
Execute	.background.run_output "/usr/bin/nmbstatus" true
Read	.etc.smb.value.global."passdb backend" nil
Dir	.etc.smb.value.global: ["domain logons", "domain master", "local master", "preferred master", "security", "workgroup"]
Read	.etc.smb.value.global."domain logons" "no"
Read	.etc.smb.value.global."domain master" "no"
Read	.etc.smb.value.global."local master" "no"
Read	.etc.smb.value.global."preferred master" "yes"
Read	.etc.smb.value.global."security" "user"
Read	.etc.smb.value.global."workgroup" "Test"
Read	.etc.smb.value.global."add machine script" nil
Read	.etc.smb.value.global."domain master" "no"
Read	.etc.smb.value.global."netbios name" nil
Read	.etc.smb.value.global."preferred master" "yes"
Read	.etc.smb.value.global."prefered master" nil
Read	.init.scripts.exists "smb" nil
Log	Service smb does not exist.
Read	.target.stat "/etc/samba/secrets.tdb" nil
Log	Cannot get the list of trusted domains
Dir	.etc.smb.section: ["lp"]
Dir	.etc.smb.value."lp": ["comment", "path", "printable"]
Read	.etc.smb.value."lp"."comment" "testing printer"
Read	.etc.smb.value."lp"."path" "/var/spool/lp"
Read	.etc.smb.value."lp"."printable" "yes"
Read	.etc.smb.value."lp"."comment" "testing printer"
Read	.etc.smb.value."lp"."path" "/var/spool/lp"
Read	.etc.smb.value."lp"."directory" nil
Read	.etc.smb.value."lp"."read list" nil
Read	.etc.smb.value."lp"."write list" nil
Read	.etc.smb.value."lp"."browseable" nil
Read	.etc.smb.value."lp"."guest ok" nil
Read	.etc.smb.value."lp"."valid users" nil
Read	.etc.smb.value."lp"."printable" "yes"
Read	.etc.smb.value."lp"."print ok" nil
Read	.etc.smb.section_type."lp" 0
Read	.etc.smb.value.global."ldap admin dn" nil
Read	.etc.smb.value.global."ldap suffix" nil
Read	.etc.ldap_conf.v."/etc/ldap.conf"."host" nil
Read	.etc.ldap_conf.v."/etc/ldap.conf"."base" nil
Read	.etc.ldap_conf.v."/etc/ldap.conf"."ldap_version" nil
Read	.etc.ldap_conf.v."/etc/ldap.conf"."ssl" nil
Read	.etc.ldap_conf.v."/etc/ldap.conf"."nss_base_passwd" nil
Read	.etc.ldap_conf.v."/etc/ldap.conf"."nss_base_shadow" nil
Read	.etc.ldap_conf.v."/etc/ldap.conf"."nss_base_group" nil
Read	.etc.ldap_conf.v."/etc/ldap.conf"."pam_password" nil
Read	.sysconfig.ldap.BASE_CONFIG_DN nil
Read	.sysconfig.ldap.FILE_SERVER nil
Read	.sysconfig.ldap.BIND_DN nil
Read	.etc.ldap_conf.v."/etc/ldap.conf"."binddn" nil
Read	.etc.ldap_conf.v."/etc/ldap.conf"."nss_map_attribute" nil
Read	.init.scripts.exists "autofs" nil
Log	Service autofs does not exist.
Execute	.passwd.init $["base_directory":"/etc"] true
Read	.passwd.passwd.pluslines []
Dump	$["browseable":"1", "comment":"testing printer", "commentout":"0", "guest ok":"0", "path":"/var/spool/lp", "printable":"1", "read list":nil, "valid users":nil, "write list":nil]
