Read	.etc.smb.value.global."workgroup" "Test"
Read	.etc.smb.value.global."security" "user"
Read	.etc.smb.value.global."password server" nil
Read	.etc.smb.value.global."idmap uid" nil
Read	.etc.smb.value.global."winbind uid" nil
Read	.etc.smb.value.global."idmap gid" nil
Read	.etc.smb.value.global."winbind gid" nil
Read	.init.scripts.exists "winbind" nil
Log	Service winbind does not exist.
Read	.init.scripts.exists "nmb" nil
Log	Service nmb does not exist.
Execute	.background.run_output "/usr/bin/nmbstatus" true
Read	.etc.smb.value.global."passdb backend" nil
Dir	.etc.smb.value.global: ["domain logons", "domain master", "local master", "preferred master", "security", "workgroup"]
Read	.etc.smb.value.global."domain logons" "no"
Read	.etc.smb.value.global."domain master" "no"
Read	.etc.smb.value.global."local master" "no"
Read	.etc.smb.value.global."preferred master" "yes"
Read	.etc.smb.value.global."security" "user"
Read	.etc.smb.value.global."workgroup" "Test"
Read	.etc.smb.value.global."add machine script" nil
Read	.etc.smb.value.global."domain master" "no"
Read	.etc.smb.value.global."netbios name" nil
Read	.etc.smb.value.global."preferred master" "yes"
Read	.etc.smb.value.global."prefered master" nil
Read	.init.scripts.exists "smb" nil
Log	Service smb does not exist.
Read	.target.stat "/etc/samba/secrets.tdb" nil
Log	Cannot get the list of trusted domains
Dir	.etc.smb.section: ["lp"]
Dir	.etc.smb.value."lp": ["comment", "path", "printable"]
Read	.etc.smb.value."lp"."comment" "testing printer"
Read	.etc.smb.value."lp"."path" "/var/spool/lp"
Read	.etc.smb.value."lp"."printable" "yes"
Read	.etc.smb.value."lp"."comment" "testing printer"
Read	.etc.smb.value."lp"."path" "/var/spool/lp"
Read	.etc.smb.value."lp"."directory" nil
Read	.etc.smb.value."lp"."read list" nil
Read	.etc.smb.value."lp"."write list" nil
Read	.etc.smb.value."lp"."browseable" nil
Read	.etc.smb.value."lp"."guest ok" nil
Read	.etc.smb.value."lp"."valid users" nil
Read	.etc.smb.value."lp"."printable" "yes"
Read	.etc.smb.value."lp"."print ok" nil
Read	.etc.smb.section_type."lp" 1
Read	.etc.smb.value.global."ldap admin dn" nil
Read	.etc.smb.value.global."ldap suffix" nil
Read	.etc.nsswitch_conf."passwd" nil
Read	.etc.nsswitch_conf."group" nil
Read	.etc.nsswitch_conf."passwd_compat" nil
Read	.etc.nsswitch_conf."group_compat" nil
Read	.etc.ldap_conf.v."/etc/ldap.conf"."host" nil
Read	.etc.ldap_conf.v."/etc/ldap.conf"."base" nil
Read	.etc.ldap_conf.v."/etc/ldap.conf"."ldap_version" nil
Read	.etc.ldap_conf.v."/etc/ldap.conf"."ssl" nil
Read	.etc.ldap_conf.v."/etc/ldap.conf"."nss_base_passwd" nil
Read	.etc.ldap_conf.v."/etc/ldap.conf"."nss_base_shadow" nil
Read	.etc.ldap_conf.v."/etc/ldap.conf"."nss_base_group" nil
Read	.etc.ldap_conf.v."/etc/ldap.conf"."pam_password" nil
Read	.sysconfig.ldap.BASE_CONFIG_DN nil
Read	.sysconfig.ldap.FILE_SERVER nil
Read	.sysconfig.ldap.BIND_DN nil
Read	.etc.ldap_conf.v."/etc/ldap.conf"."binddn" nil
Read	.etc.ldap_conf.v."/etc/ldap.conf"."nss_map_attribute" nil
Read	.init.scripts.exists "autofs" nil
Log	Service autofs does not exist.
Execute	.passwd.init $["base_directory":"/etc"] true
Read	.passwd.passwd.pluslines []
Write	.etc.smb.value.global."domain logons" "no" true
Write	.etc.smb.value.global."domain master" "no" true
Write	.etc.smb.value.global."ldap idmap suffix" "ou=Idmap" true
Write	.etc.smb.value.global."ldap machine suffix" "ou=Computers" true
Write	.etc.smb.value.global."local master" "no" true
Write	.etc.smb.value.global."preferred master" "yes" true
Write	.etc.smb.value.global."security" "user" true
Write	.etc.smb.value.global."workgroup" "Test" true
Write	.etc.smb.value.global."netbios name" nil true
Write	.etc.smb.value.global."add machine script" "" true
Write	.etc.smb.value.global."domain master" "no" true
Write	.etc.smb.value.global."preferred master" "yes" true
Write	.etc.smb.value.global."encrypt passwords" "yes" true
Write	.etc.smb.section_type."lp" 0 true
Write	.etc.smb.value."lp"."browseable" "yes" true
Write	.etc.smb.value_type."lp"."browseable" 0 true
Write	.etc.smb.value."lp"."comment" "testing printer" true
Write	.etc.smb.value_type."lp"."comment" 0 true
Write	.etc.smb.value."lp"."guest ok" "no" true
Write	.etc.smb.value_type."lp"."guest ok" 0 true
Write	.etc.smb.value."lp"."path" "/var/spool/lp" true
Write	.etc.smb.value_type."lp"."path" 0 true
Write	.etc.smb.value."lp"."printable" "yes" true
Write	.etc.smb.value_type."lp"."printable" 0 true
Write	.etc.smb.value.global."ldap admin dn" nil true
Write	.etc.smb.value.global."ldap suffix" nil true
Write	.etc.smb nil true
Execute	.target.bash "touch /var/lib/YaST2/samba_server_done_once" 1
Write	.etc.smb.value.global."ldap admin dn" nil true
Write	.etc.smb.value.global."ldap suffix" nil true
Write	.etc.smb nil true
Read	.init.scripts.exists "nmb" nil
Log	Service nmb does not exist.
Read	.init.scripts.exists "smb" nil
Log	Service smb does not exist.
Read	.init.scripts.exists "nmb" nil
Log	Service nmb does not exist.
Read	.init.scripts.exists "smb" nil
Log	Service smb does not exist.
Execute	.target.bash "net getlocalsid" 1
Dump	true
