Read	.etc.smb.value.global."passdb backend" nil
Dir	.etc.smb.value.global: ["domain logons", "domain master", "local master", "preferred master", "security", "server string", "workgroup"]
Read	.etc.smb.value.global."domain logons" "no"
Read	.etc.smb.value_type.global."domain logons" 0
Read	.etc.smb.value.global."domain master" "no"
Read	.etc.smb.value_type.global."domain master" 0
Read	.etc.smb.value.global."local master" "no"
Read	.etc.smb.value_type.global."local master" 0
Read	.etc.smb.value.global."preferred master" "yes"
Read	.etc.smb.value_type.global."preferred master" 0
Read	.etc.smb.value.global."security" "user"
Read	.etc.smb.value_type.global."security" 0
Read	.etc.smb.value.global."server string" "This is test"
Read	.etc.smb.value_type.global."server string" 0
Read	.etc.smb.value.global."workgroup" "Test"
Read	.etc.smb.value_type.global."workgroup" 0
Read	.target.stat "/etc/samba/secrets.tdb" nil
Log	Cannot get the list of trusted domains
Dir	.etc.smb.section: []
Read	.etc.smb.value.global."ldap admin dn" nil
Read	.etc.smb.value.global."ldap suffix" nil
Write	.etc.smb.value.global."domain logons" "no" true
Write	.etc.smb.value_type.global."domain logons" 0 true
Write	.etc.smb.value.global."domain master" "no" true
Write	.etc.smb.value_type.global."domain master" 0 true
Write	.etc.smb.value.global."encrypt passwords" "yes" true
Write	.etc.smb.value_type.global."encrypt passwords" 0 true
Write	.etc.smb.value.global."ldap idmap suffix" "ou=Idmap" true
Write	.etc.smb.value_type.global."ldap idmap suffix" 0 true
Write	.etc.smb.value.global."ldap machine suffix" "ou=Computers" true
Write	.etc.smb.value_type.global."ldap machine suffix" 0 true
Write	.etc.smb.value.global."local master" "no" true
Write	.etc.smb.value_type.global."local master" 0 true
Write	.etc.smb.value.global."preferred master" "yes" true
Write	.etc.smb.value_type.global."preferred master" 0 true
Write	.etc.smb.value.global."security" "user" true
Write	.etc.smb.value_type.global."security" 0 true
Write	.etc.smb.value.global."server string" "AND NOW FOR SOMETHING COMPLETELY DIFFERENT" true
Write	.etc.smb.value_type.global."server string" 0 true
Write	.etc.smb.value.global."workgroup" "Test" true
Write	.etc.smb.value_type.global."workgroup" 0 true
Write	.etc.smb.section_type.global 0 true
Write	.etc.smb.value.global."ldap admin dn" nil true
Write	.etc.smb.value.global."ldap suffix" nil true
Write	.etc.smb nil true
Execute	.target.bash "touch /var/lib/YaST2/samba_server_done_once" 1
Write	.etc.smb.value.global."ldap admin dn" nil true
Write	.etc.smb.value.global."ldap suffix" nil true
Write	.etc.smb nil true
Execute	.target.bash "net getlocalsid" 1
Return	nil
