Read	.etc.smb.value.global."passdb backend" "smbpasswd ldapsam:ldap://localhost"
Write	.etc.smb.value.global."passdb backend" "smbpasswd" true
Dump	true
