Read	.etc.smb.all $["comment":"", "file":-1, "kind":"section", "name":"", "type":-1, "value":[$["comment":nil, "kind":"section", "name":"global", "type":nil, "value":[$["kind":"value", "name":"workgroup", "type":nil, "value":"Test"], $["kind":"value", "name":"domain master", "type":nil, "value":"no"], $["kind":"value", "name":"security", "type":nil, "value":"user"], $["kind":"value", "name":"preferred master", "type":nil, "value":"yes"], $["kind":"value", "name":"local master", "type":nil, "value":"no"], $["kind":"value", "name":"domain logons", "type":nil, "value":"no"]]]]]
Read	.target.stat "/etc/samba/secrets.tdb" $["xxx":"yyy"]
Execute	.target.bash_output "/usr/bin/tdbdump /etc/samba/secrets.tdb" $["exit":"0", "stderr":"test std error", "stdout":"test std out"]
Write	.etc.smb.value.global.workgroup "Test" true
Write	.etc.smb.value_type.global.workgroup 0 true
Write	.etc.smb.value.global."domain master" "No" true
Write	.etc.smb.value_type.global."domain master" 0 true
Write	.etc.smb.value.global.security "user" true
Write	.etc.smb.value_type.global.security 0 true
Write	.etc.smb.value.global."add machine script" "/usr/sbin/useradd  -c Machine -d /var/lib/nobody -s /bin/false %m$" true
Write	.etc.smb.value_type.global."add machine script" 0 true
Write	.etc.smb.value.global."preferred master" "yes" true
Write	.etc.smb.value_type.global."preferred master" 0 true
Write	.etc.smb.value.global."domain logons" "No" true
Write	.etc.smb.value_type.global."domain logons" 0 true
Write	.etc.smb.section_type.global 0 true
Write	.etc.smb nil true
Return	true
