$VAR1 = 1;
$VAR1 = 1;
$VAR1 = 1;
$VAR1 = 1;
$VAR1 = 1;
$VAR1 = 1;
$VAR1 = 1;
$VAR1 = {
          'SECRETS/$DOMTRUST.ACC/BAMBUS' => '\\01\\01\\00\\00\\00',
          'x' => 'ok',
          'SECRETS/LDAP_BIND_PW/abc' => 'ok\\00'
        };
$VAR1 = 1;
$VAR1 = 'ok';
$VAR1 = 'ok';
$VAR1 = 1;
$VAR1 = 'ok';
$VAR1 = 1;
$VAR1 = 1;
$VAR1 = [
          'BAMBUS'
        ];
$VAR1 = [
          'BAMBUS'
        ];
$VAR1 = 1;
$VAR1 = 1;
$VAR1 = 1;
