user	gizo:lmsecret:ntsecret
user	tux:<undef>:<undef>
$VAR1 = [];
$VAR1 = 1;
$VAR1 = 1;
$VAR1 = 1;
$VAR1 = 1;
$VAR1 = 1;
$VAR1 = 1;
$VAR1 = 1;
$VAR1 = 1;
