Dump	------------------------------------------------------------
Execute	.target.bash "net rpc trustdom establish \"domain\" -U \"root%password\"" 0
Return	true
Execute	.target.bash "net rpc trustdom establish \"domain\" -U \"root%password\"" 1
Return	nil
Dump	------------------------------------------------------------
Execute	.target.bash "net rpc trustdom establish \"domain\" -U \"root%password\\\"\\\"abc\"" 0
Return	true
Execute	.target.bash "net rpc trustdom establish \"domain\" -U \"root%password\\\"\\\"abc\"" 1
Return	nil
Dump	------------------------------------------------------------
Execute	.target.bash "net rpc trustdom establish \"domain\" -U \"root%pas''sword\\\"\\\"'\\\"abc\"" 0
Return	true
Execute	.target.bash "net rpc trustdom establish \"domain\" -U \"root%pas''sword\\\"\\\"'\\\"abc\"" 1
Return	nil
Dump	------------------------------------------------------------
