Return	Enable disabled service
Execute	.target.bash "/sbin/chkconfig -l smb | /usr/bin/grep -q '[0-6]:on'" 1
Read	.init.scripts.runlevel "nmb" nil
Read	.init.scripts.comment "nmb" nil
Execute	.target.bash_output "/sbin/chkconfig -a nmb" $["exit":0]
Read	.init.scripts.runlevel "smb" nil
Read	.init.scripts.comment "smb" nil
Execute	.target.bash_output "/sbin/chkconfig -a smb" $["exit":0]
Return	true
Return	Disable disabled service
Execute	.target.bash "/sbin/chkconfig -l smb | /usr/bin/grep -q '[0-6]:on'" 1
Return	true
Return	Enable enabled service
Execute	.target.bash "/sbin/chkconfig -l smb | /usr/bin/grep -q '[0-6]:on'" 0
Return	true
Return	Disable enabled service
Execute	.target.bash "/sbin/chkconfig -l smb | /usr/bin/grep -q '[0-6]:on'" 0
Read	.init.scripts.runlevel "nmb" $["nmb":$["start":["2", "3", "5"]], "smb":$["start":["2", "3", "5"]]]
Read	.init.scripts.comment "nmb" nil
Execute	.target.bash_output "/sbin/chkconfig -d nmb" $["exit":0]
Read	.init.scripts.runlevel "smb" $["nmb":$["start":["2", "3", "5"]], "smb":$["start":["2", "3", "5"]]]
Read	.init.scripts.comment "smb" nil
Execute	.target.bash_output "/sbin/chkconfig -d smb" $["exit":0]
Return	true
