Write	.etc.smb.value.global."domain logons" ["no"] true
Write	.etc.smb.value_type.global."domain logons" [0] true
Write	.etc.smb.value.global."domain master" ["no"] true
Write	.etc.smb.value_type.global."domain master" [0] true
Write	.etc.smb.value.global."ldap admin dn" [""] true
Write	.etc.smb.value_type.global."ldap admin dn" [0] true
Write	.etc.smb.value.global."ldap delete dn" ["No"] true
Write	.etc.smb.value_type.global."ldap delete dn" [0] true
Write	.etc.smb.value.global."ldap group suffix" [""] true
Write	.etc.smb.value_type.global."ldap group suffix" [0] true
Write	.etc.smb.value.global."ldap idmap suffix" [""] true
Write	.etc.smb.value_type.global."ldap idmap suffix" [0] true
Write	.etc.smb.value.global."ldap machine suffix" [""] true
Write	.etc.smb.value_type.global."ldap machine suffix" [0] true
Write	.etc.smb.value.global."ldap passwd sync" ["No"] true
Write	.etc.smb.value_type.global."ldap passwd sync" [0] true
Write	.etc.smb.value.global."ldap replication sleep" ["1000"] true
Write	.etc.smb.value_type.global."ldap replication sleep" [0] true
Write	.etc.smb.value.global."ldap ssl" ["Start_tls"] true
Write	.etc.smb.value_type.global."ldap ssl" [0] true
Write	.etc.smb.value.global."ldap suffix" [""] true
Write	.etc.smb.value_type.global."ldap suffix" [0] true
Write	.etc.smb.value.global."ldap timeout" ["5"] true
Write	.etc.smb.value_type.global."ldap timeout" [0] true
Write	.etc.smb.value.global."ldap user suffix" [""] true
Write	.etc.smb.value_type.global."ldap user suffix" [0] true
Write	.etc.smb.value.global."local master" ["no"] true
Write	.etc.smb.value_type.global."local master" [0] true
Write	.etc.smb.value.global."passdb backend" ["smbpasswd:/var/lib/smbusers"] true
Write	.etc.smb.value_type.global."passdb backend" [0] true
Write	.etc.smb.value.global."preferred master" ["yes"] true
Write	.etc.smb.value_type.global."preferred master" [0] true
Write	.etc.smb.value.global.security ["user"] true
Write	.etc.smb.value_type.global.security [0] true
Write	.etc.smb.value.global.workgroup ["Test"] true
Write	.etc.smb.value_type.global.workgroup [0] true
Write	.etc.smb.section_type.global [0] true
Write	.etc.smb nil true
Return	true
