Return	Disabled service
Read	.init.scripts.exists "smb" true
Read	.init.scripts.runlevel "smb" nil
Return	0
Return	Enabled service
Read	.init.scripts.exists "smb" true
Read	.init.scripts.runlevel "smb" $["nmbd":$["start":["2", "3", "5"]], "smbd":$["start":["2", "3", "5"]]]
Return	0
