Write	.etc.smb.value.global."domain logons" "no" true
Write	.etc.smb.value_type.global."domain logons" 0 true
Write	.etc.smb.value.global."domain master" "no" true
Write	.etc.smb.value_type.global."domain master" 0 true
Write	.etc.smb.value.global."local master" "no" true
Write	.etc.smb.value_type.global."local master" 0 true
Write	.etc.smb.value.global."preferred master" "yes" true
Write	.etc.smb.value_type.global."preferred master" 0 true
Write	.etc.smb.value.global.security "user" true
Write	.etc.smb.value_type.global.security 0 true
Write	.etc.smb.value.global.workgroup "Test" true
Write	.etc.smb.value_type.global.workgroup 0 true
Write	.etc.smb.section_type.global 0 true
Write	.etc.smb.section_type.netlogon 0 true
Write	.etc.smb.section_comment.netlogon "\n" true
Write	.etc.smb nil true
Return	nil
