Return	$["comment":"testing printer", "path":"/var/spool/lp", "printable":"yes"]
